Test project /app/build
    Start 5: TestMainWindow
1/2 Test #5: TestMainWindow ...................Subprocess aborted***Exception:   0.14 sec
    Start 7: TestMap
2/2 Test #7: TestMap ..........................Subprocess aborted***Exception:   0.04 sec

0% tests passed, 2 tests failed out of 2

Total Test time (real) =   0.21 sec

The following tests FAILED:
	  5 - TestMainWindow (Subprocess aborted)
	  7 - TestMap (Subprocess aborted)
Errors while running CTest
Output from these tests are in: /app/build/Testing/Temporary/LastTest.log
Use "--rerun-failed --output-on-failure" to re-run the failed cases verbosely.
